
  vinext build  (Vite 8.0.13)

[34m[1/5] analyze client references...[39m
[2Ktransforming...✓ 218 modules transformed.
rendering chunks...
[33m[33m[PLUGIN_TIMINGS] [0mYour build spent significant time in plugins. Here is a breakdown:
  - rsc:virtual-client-package (19%)
  - vinext:middleware-server-only (17%)
  - vinext:og-inline-fetch-assets (14%)
  - vinext:css-data-url (10%)
  - alias (8%)
See https://rolldown.rs/options/checks#plugintimings for more details.
[39m
[32m✓ built in 4.01s[39m
[34m[2/5] analyze server references...[39m
[2Ktransforming...✓ 626 modules transformed.
rendering chunks...
[33m[33m[PLUGIN_TIMINGS] [0mYour build spent significant time in plugins. Here is a breakdown:
  - vinext:og-inline-fetch-assets (29%)
  - vinext:middleware-server-only (22%)
  - vinext:css-data-url (21%)
  - rsc:virtual-client-package (7%)
  - vite-plugin-commonjs (4%)
See https://rolldown.rs/options/checks#plugintimings for more details.
[39m
[32m✓ built in 16.03s[39m
[34m[3/5] build rsc environment...[39m
[2Ktransforming...✓ 216 modules transformed.
rendering chunks...
computing gzip size...
[33m[33m[PLUGIN_TIMINGS] [0mYour build spent significant time in plugins. Here is a breakdown:
  - vinext:og-inline-fetch-assets (15%)
  - vinext:css-data-url (15%)
  - rsc:virtual-client-package (15%)
  - vinext:middleware-server-only (11%)
  - alias (6%)
See https://rolldown.rs/options/checks#plugintimings for more details.
[39m
[32m✓ built in 3.67s[39m
[34m[4/5] build client environment...[39m
[2Ktransforming...✓ 668 modules transformed.
rendering chunks...
computing gzip size...
[33m[plugin builtin:vite-reporter] 
(!) Some chunks are larger than 500 kB after minification. Consider:
- Using dynamic import() to code-split the application
- Use build.rolldownOptions.output.codeSplitting to improve chunking: https://rolldown.rs/reference/OutputOptions.codeSplitting
- Adjust chunk size limit for this warning via build.chunkSizeWarningLimit.[39m
[33m[33m[PLUGIN_TIMINGS] [0mYour build spent significant time in plugins. Here is a breakdown:
  - alias (30%)
  - vinext:og-inline-fetch-assets (25%)
  - rsc:virtual-client-package (11%)
  - vinext:middleware-server-only (9%)
  - vinext:css-data-url (7%)
See https://rolldown.rs/options/checks#plugintimings for more details.
[39m
[32m✓ built in 17.06s[39m
[34m[5/5] build ssr environment...[39m
[2Ktransforming...✓ 637 modules transformed.
rendering chunks...
computing gzip size...
[33m[33m[PLUGIN_TIMINGS] [0mYour build spent significant time in plugins. Here is a breakdown:
  - vinext:og-inline-fetch-assets (34%)
  - vinext:middleware-server-only (23%)
  - vinext:css-data-url (9%)
  - rsc:virtual-client-package (9%)
  - vinext:validate-middleware-exports (7%)
See https://rolldown.rs/options/checks#plugintimings for more details.
[39m
[32m✓ built in 17.56s[39m
[0m
  Route (app)
  ┌ ? /         
  └ ? /dashboard

  ? Unknown

  ? Some routes could not be classified. vinext currently uses static analysis
    and cannot detect dynamic API usage (headers(), cookies(), etc.) at build time.
    Automatic classification will be improved in a future release.

  Build complete. Run `vinext start` to start the production server.

